
> subtrackr@1.0.0 test
> jest --passWithNoTests

node.exe : PASS src/uti
ls/__tests__/dummyData.
test.ts
At line:1 char:1
+ & "C:\Program 
Files\nodejs/node.exe" 
"C:\Program 
Files\nodejs/node_mo 
...
+ ~~~~~~~~~~~~~~~~~~~~~
~~~~~~~~~~~~~~~~~~~~~~~
~~~~~~~~~~~~~~~~~~~~~~~
~~
    + CategoryInfo     
         : NotSpecifi  
  ed: (PASS src/util   
 s/...mmyData.test.    
ts:String) [], Rem    
oteException
    + FullyQualifiedEr 
   rorId : NativeComm  
  andError
 
PASS src/utils/__tests_
_/formatting.test.ts
FAIL src/store/_tests_/
subscriptionStore.test.
ts
  ΓùÅ Test suite 
failed to run

    Cannot find module 
'react-dom/test-utils' 
from 'src/store/_tests_
/subscriptionStore.test
.ts'

    [0m[31m[1m>[22m
[39m[90m 1 |[39m 
[36mimport[39m { act 
} [36mfrom[39m [32m'
react-dom/test-utils'[
39m[33m;[39m
     [90m   |[39m 
[31m[1m^[22m[39m
     [90m 2 |[39m 
[36mimport[39m { 
expect[33m,[39m 
describe[33m,[39m 
it[33m,[39m 
beforeEach[33m,[39m 
jest } [36mfrom[39m 
[32m'@jest/globals'[39
m[33m;[39m
     [90m 3 |[39m 
[36mimport[39m { 
useSubscriptionStore } 
[36mfrom[39m [32m'..
/subscriptionStore'[39
m[33m;[39m
     [90m 4 |[39m 
[36mimport[39m { [33
mSubscriptionCategory[
39m[33m,[39m 
[33mBillingCycle[39m 
} [36mfrom[39m [32m'
../../types/subscriptio
n'[39m[33m;[39m[0m

      at Resolver._thro
wModNotFoundError (node
_modules/jest-resolve/b
uild/resolver.js:427:11
)
      at 
Object.require (src/sto
re/_tests_/subscription
Store.test.ts:1:1)

Test Suites: 1 failed, 
2 passed, 3 total
Tests:       26 
passed, 26 total
Snapshots:   0 total
Time:        3.167 s, 
estimated 4 s
Ran all test suites.
