src/components/common/EmptyState.tsx(4,59): error TS2307: Cannot find module '../utils/constants' or its corresponding type declarations.
